make: Entering directory '/home/apoorva/cs764'
g++  -g -Og -D_DEBUG -O0 -ansi -pedantic -std=c++20   -c -o Test.o Test.cpp
g++ -g -Og -D_DEBUG -O0 -ansi -pedantic -std=c++20  -o Test.exe defs.o Assert.o Test.o Iterator.o Scan.o Filter.o Sort.o Witness.o TournamentTree.o InternalSort.o Disk.o ExternalSort.o
make: Leaving directory '/home/apoorva/cs764'
----------------------------------------------------------------
              Metric	 |                Value 
----------------------------------------------------------------
         Memory Size	 |                    3 Pages 
          Page Size		 |                   10 Records 
          Cache Size	 |                    2 Records 
          Input Size	 |                  300 Records 
   Number of Columns	 |                   10 Columns 
----------------------------------------------------------------
Scan.cpp:33:~ScanIterator produced 301 of 300 rows
Filter.cpp:36:~FilterIterator FILTER produced 151 of 301 rows
Witness.cpp:34:~WitnessIterator input witnessed TOTAL_ROWS = 151
 Witness.cpp:37:~WitnessIterator input witnessed XOR = 127
 Witness.cpp:40:~WitnessIterator input witnessed INVERSIONS = 143
 Sort.cpp:137:SortIterator *** The main thing! *** consumed 151 rows
0 13 15 68 30 79 60 48 31 62 
0 19 92 31 60 42 1 17 46 41 
0 28 72 57 71 50 81 89 70 7 
0 44 57 86 54 85 82 14 8 1 
0 48 53 80 12 34 29 18 54 56 
0 73 40 66 96 29 93 38 81 93 
3 26 88 97 18 34 3 70 9 27 
3 33 44 71 55 50 96 98 30 40 
3 55 41 76 49 68 83 23 67 15 
4 24 75 62 86 100 81 38 29 17 
5 3 15 3 53 58 36 34 23 79 
5 95 53 98 58 21 8 20 5 79 
6 24 59 91 39 46 26 97 68 37 
7 1 46 39 12 68 41 28 31 0 
7 36 77 10 95 28 10 57 0 54 
7 75 65 74 92 64 95 63 30 57 
7 87 43 58 94 97 9 54 99 59 
8 9 80 84 72 21 43 66 65 79 
8 58 97 75 99 13 61 90 46 61 
9 19 94 84 15 87 71 45 87 85 
9 52 99 96 56 34 8 84 3 7 
10 80 2 2 80 69 67 49 10 2 
11 21 85 32 77 10 68 94 70 36 
11 53 49 81 28 77 29 47 92 26 
12 40 54 91 90 65 64 31 62 58 
13 85 11 0 55 44 82 87 19 83 
14 7 73 70 97 85 51 16 24 26 
14 90 63 68 68 75 75 2 23 82 
15 65 65 9 67 79 82 73 95 91 
16 42 58 27 53 6 55 47 78 56 
19 48 25 73 77 100 30 91 99 78 
21 30 79 44 44 75 40 76 99 56 
24 62 63 27 20 67 51 59 65 65 
25 9 34 19 88 28 56 1 44 3 
25 48 83 20 77 13 9 35 55 62 
26 23 60 52 53 92 93 65 68 35 
26 76 94 3 59 21 66 75 17 64 
26 89 80 45 52 71 6 58 27 92 
27 9 62 68 21 81 61 24 93 85 
27 17 82 34 40 16 88 69 44 3 
27 65 25 38 4 19 24 24 8 99 
29 53 97 74 1 53 83 32 30 46 
29 87 17 72 64 83 54 89 90 65 
30 0 27 94 66 25 64 92 5 47 
30 7 8 83 23 0 38 4 45 96 
30 100 23 65 23 50 65 99 17 26 
31 22 49 13 51 67 59 94 44 95 
31 30 80 30 37 86 33 76 21 77 
31 75 32 71 10 8 63 45 100 92 
36 39 83 39 58 70 27 63 56 70 
36 57 29 7 92 33 34 64 59 47 
36 63 84 9 71 4 8 25 71 85 
36 78 4 90 61 75 96 4 68 3 
37 76 86 25 19 0 14 24 15 73 
38 31 75 40 61 21 84 51 86 41 
38 90 43 95 76 81 28 21 63 70 
39 21 5 53 2 6 51 76 40 99 
39 24 0 73 86 44 34 9 46 34 
39 72 43 76 77 59 53 11 33 88 
40 42 66 15 90 71 55 87 39 5 
41 48 22 71 62 4 54 63 36 36 
43 9 2 57 70 28 31 69 4 68 
44 25 11 83 8 61 83 12 27 100 
44 32 54 12 52 56 8 30 44 94 
44 58 20 51 38 65 30 7 20 10 
46 66 63 81 20 56 83 66 32 49 
46 95 43 89 32 5 15 58 77 72 
47 63 7 2 15 29 34 67 48 23 
48 1 61 7 42 69 96 54 30 46 
48 14 79 95 6 70 76 4 98 98 
49 4 88 64 4 36 54 75 20 67 
49 60 8 88 18 41 6 19 15 19 
49 62 53 9 36 99 53 3 10 67 
49 69 29 25 80 15 47 25 34 51 
52 98 64 20 78 93 78 8 17 100 
53 46 36 82 28 58 87 21 47 17 
56 67 30 100 64 72 66 63 18 81 
56 93 39 81 18 100 51 59 5 81 
58 10 62 62 96 59 40 18 58 53 
59 2 9 26 55 55 1 76 77 6 
59 7 14 78 79 45 54 83 8 94 
59 25 35 29 81 44 84 43 24 58 
59 33 28 99 25 81 46 77 51 39 
59 78 32 17 47 71 3 94 39 2 
59 91 26 59 5 79 26 99 79 32 
59 94 21 33 35 67 57 44 28 69 
60 56 44 37 75 62 17 13 11 40 
60 66 32 92 65 19 74 97 32 16 
60 90 58 13 31 49 63 44 73 76 
62 7 55 77 100 13 78 24 81 24 
63 8 37 20 83 67 1 56 67 53 
63 10 8 8 35 81 6 60 100 96 
63 52 72 60 10 71 70 56 12 59 
63 96 34 27 36 24 51 30 47 98 
65 0 75 29 86 93 87 87 64 75 
66 98 85 82 96 20 64 73 67 69 
67 2 62 85 17 26 34 70 46 41 
68 28 47 12 82 6 26 96 98 75 
68 44 8 95 81 28 63 85 8 52 
69 74 83 36 52 45 75 8 85 18 
70 97 73 64 97 39 21 78 70 21 
71 89 84 27 73 86 96 88 77 43 
72 10 83 14 10 18 96 25 65 42 
72 40 81 89 76 26 15 53 35 87 
73 86 34 97 74 82 43 63 37 73 
73 91 8 82 94 89 33 57 84 36 
74 43 8 24 92 2 23 44 23 22 
75 36 7 30 18 31 96 22 12 76 
75 51 95 63 84 61 66 83 28 58 
76 54 65 14 89 69 4 16 24 47 
77 15 18 91 84 32 36 77 10 39 
77 65 42 37 32 55 24 39 15 45 
77 68 16 92 9 22 92 49 79 16 
79 31 66 87 23 52 54 56 34 93 
80 8 4 89 74 64 92 25 89 29 
80 16 53 14 94 29 77 99 16 29 
80 67 70 77 46 97 56 79 27 81 
82 36 50 54 27 6 14 68 25 5 
82 43 27 53 5 78 77 4 69 25 
82 65 100 48 42 68 10 29 62 88 
82 97 72 61 39 48 11 99 38 49 
83 8 3 52 80 42 8 62 62 52 
83 10 40 36 34 62 66 71 59 97 
83 51 74 73 76 42 67 24 17 44 
83 67 34 49 50 38 27 33 4 56 
84 11 64 43 71 42 72 45 40 97 
84 34 12 91 30 7 36 39 95 78 
86 28 81 45 12 37 1 70 29 64 
87 33 27 52 15 53 43 53 99 6 
88 8 0 85 41 68 14 95 59 49 
88 87 4 77 75 72 69 35 23 2 
89 75 3 37 35 6 38 74 51 47 
90 8 31 93 32 38 90 58 9 92 
90 32 23 53 61 25 34 87 88 3 
90 91 11 3 43 70 89 45 77 44 
91 42 38 36 46 55 76 45 17 6 
92 3 92 23 16 7 35 74 40 56 
92 12 93 12 17 85 23 7 30 56 
92 96 16 15 3 15 54 30 57 12 
93 22 61 2 28 2 66 5 65 76 
93 89 94 30 97 16 65 43 20 24 
94 41 3 61 27 19 33 35 78 38 
95 32 99 33 96 5 51 96 83 63 
96 1 10 59 70 90 40 51 80 14 
96 12 8 98 94 89 55 38 100 43 
96 13 73 85 72 18 50 70 36 24 
97 20 89 52 18 14 78 61 99 2 
98 33 99 91 86 66 43 80 35 79 
98 81 97 73 83 83 44 1 85 32 
100 21 18 61 29 95 46 57 37 40 
100 25 48 7 53 54 99 88 60 63 
Iterator.cpp:43:run entire plan produced 151 rows
Sort.cpp:147:~SortIterator *** The main thing! *** produced 151 of 151 rows
Witness.cpp:34:~WitnessIterator output witnessed TOTAL_ROWS = 151
 Witness.cpp:37:~WitnessIterator output witnessed XOR = 127
 Witness.cpp:40:~WitnessIterator output witnessed INVERSIONS = 0
 